Checking for wasm32-unknown-unknown target...
Checking connection to Arbitrum Sepolia...
Connected to Arbitrum Sepolia!
Deployer address: 0xB26708f83780dBF4b81f9930C37716C473e6DBDc
Deploying first ERC20 token contract (Token0) to Arbitrum Sepolia...
Token0 contract deployed at address: 0xdc4e3596c0f4c47e2e22b8f2445391d1395095b1
Token0 transaction hash: 0xe88b4599d8dd9d7fd0cac4dfd038487004d0e2e8a5b47fb369f6e253a796cbba
Deploying second ERC20 token contract (Token1) to Arbitrum Sepolia...
Token1 contract deployed at address: 0x65051c3fc9613ead508589462a3ad99e4ab21b5c
Token1 transaction hash: 0x223e64007d60ae14054c7487a970cdfac7910af77733cfa97ee3892809d5cf91
Minting tokens for testing...

blockHash            0x8eb9c9deea5ee1ff13d9a3a168304c85a6cf5ae90a79dcd39a49f073ef32e5f4
blockNumber          183659977
contractAddress      
cumulativeGasUsed    151692
effectiveGasPrice    100000000
from                 0xB26708f83780dBF4b81f9930C37716C473e6DBDc
gasUsed              74134
logs                 [{"address":"0xdc4e3596c0f4c47e2e22b8f2445391d1395095b1","topics":["0xddf252ad1be2c89b69c2b068fc378daa952ba7f163c4a11628f55a4df523b3ef","0x0000000000000000000000000000000000000000000000000000000000000000","0x000000000000000000000000b26708f83780dbf4b81f9930c37716c473e6dbdc"],"data":"0x00000000000000000000000000000000000000000000003635c9adc5dea00000","blockHash":"0x8eb9c9deea5ee1ff13d9a3a168304c85a6cf5ae90a79dcd39a49f073ef32e5f4","blockNumber":"0xaf26dc9","transactionHash":"0x6d9b92ba034486fb2d68c96f292506d2ae5b3fe40eae3e945f38fa627213aa12","transactionIndex":"0x2","logIndex":"0x1","removed":false}]
logsBloom            0x00000000000100000000000000000000000800000000000000000000000000000000000000000000000000000000000000000000000000000000000000000000000000000004000000008008000000000000000000000000000000000000000000000000020000000000000000000800000000000000000000000010000000000000000000000000000000000000000000000000
blockHash            0x8eb9c9deea5ee1ff13d9a3a168304c85a6cf5ae90a79dcd39a49f073ef32e5f4
blockNumber          183659977
contractAddress      
cumulativeGasUsed    151692
effectiveGasPrice    100000000
from                 0xB26708f83780dBF4b81f9930C37716C473e6DBDc
gasUsed              74134
logs                 [{"address":"0xdc4e3596c0f4c47e2e22b8f2445391d1395095b1","topics":["0xddf252ad1be2c89b69c2b068fc378daa952ba7f163c4a11628f55a4df523b3ef","0x0000000000000000000000000000000000000000000000000000000000000000","0x000000000000000000000000b26708f83780dbf4b81f9930c37716c473e6dbdc"],"data":"0
blockHash            0x8e54634859ab5ca48a269b3f4105587da4a6c10042abec216123cdfd3239ca20
blockNumber          183660003
contractAddress      
cumulativeGasUsed    189798
effectiveGasPrice    100000000
from                 0xB26708f83780dBF4b81f9930C37716C473e6DBDc
gasUsed              74134
logs                 [{"address":"0x65051c3fc9613ead508589462a3ad99e4ab21b5c","topics":["0xddf252ad1be2c89b69c2b068fc378daa952ba7f163c4a11628f55a4df523b3ef","0x0000000000000000000000000000000000000000000000000000000000000000","0x000000000000000000000000b26708f83780dbf4b81f9930c37716c473e6dbdc"],"data":"0x00000000000000000000000000000000000000000000003635c9adc5dea00000","blockHash":"0x8e54634859ab5ca48a269b3f4105587da4a6c10042abec216123cdfd3239ca20","blockNumber":"0xaf26de3","transactionHash":"0x20d1e9ad7cdddfb6ead592b4df829b6a5c2373bf9b8f573e9d7b949c5243085b","transactionIndex":"0x2","logIndex":"0x4","removed":false}]
logsBloom            0x00000000000100000000020000000000000000000000000000000000000000000000000000000000000000000000000000000000000000000000000000000000000000000004000000008008800000000100000000000000000000000000000000000000020000000000000000000800000000000000000000000010000000000000000000000000000000000000000000000000000000000000000000000000000000000000000000000000000000000000000000000000000000000000000000000002000000000000000000000000000000000000000000000000000020000000000000000000000000000000000000000000000000000000000000000000
root                 
status               1 (success)
transactionHash      0x20d1e9ad7cdddfb6ead592b4df829b6a5c2373bf9b8f573e9d7b949c5243085b
transactionIndex     2
type                 2
blobGasPrice         
blobGasUsed          
to                   0x65051C3FC9613eAD508589462A3AD99E4ab21b5c
gasUsedForL1         1823
l1BlockNumber        8977028
timeboosted          false

Tokens minted to deployer address.
Deploying the Uniswap V2 contract to Arbitrum Sepolia using cargo stylus...
Uniswap V2 contract deployed successfully!
Transaction hash: 0xedc02399410923e6a350f3475af95d035f3b66890425f5ff30c2ecdc702a3683
Uniswap V2 contract address: 0xa949990c8aff51d3c6e61a6a03d73ed848faa549
Deployment info saved to build/stylus-deployment-info.json
Deployment completed successfully on Arbitrum Sepolia!
Summary of deployed contracts:
- Token0: 0xdc4e3596c0f4c47e2e22b8f2445391d1395095b1
- Token1: 0x65051c3fc9613ead508589462a3ad99e4ab21b5c
- Uniswap V2: 0xa949990c8aff51d3c6e61a6a03d73ed848faa549
000000000000000000000000000000000000000000000000000000000000000000000000000000000000000000000000000000000000000000002000000000000000000000000000000000000000000000000000020000000000000000000000000000000000000000000000000000000000000000000
root                 
status               1 (success)
transactionHash      0x20d1e9ad7cdddfb6ead592b4df829b6a5c2373bf9b8f573e9d7b949c5243085b
transactionIndex     2
type                 2
blobGasPrice         
blobGasUsed          
to                   0x65051C3FC9613eAD508589462A3AD99E4ab21b5c
gasUsedForL1         1823
l1BlockNumber        8977028
timeboosted          false

Tokens minted to deployer address.
Deploying the Uniswap V2 contract to Arbitrum Sepolia using cargo stylus...
Uniswap V2 contract deployed successfully!
Transaction hash: 0xedc02399410923e6a350f3475af95d035f3b66890425f5ff30c2ecdc702a3683
Uniswap V2 contract address: 0xa949990c8aff51d3c6e61a6a03d73ed848faa549
Deployment info saved to build/stylus-deployment-info.json
Deployment completed successfully on Arbitrum Sepolia!
Summary of deployed contracts:
- Token0: 0xdc4e3596c0f4c47e2e22b8f2445391d1395095b1
- Token1: 0x65051c3fc9613ead508589462a3ad99e4ab21b5c
- Uniswap V2: 0xa949990c8aff51d3c6e61a6a03d73ed848faa549
Deployment completed successfully!
